
> elkahmed-admin@1.0.0 build
> next build

  ▲ Next.js 14.2.15
  - Environments: .env.local

   Creating an optimized production build ...
 ✓ Compiled successfully
   Linting and checking validity of types ...
   Collecting page data ...
   Generating static pages (0/4) ...
   Generating static pages (1/4) 
   Generating static pages (2/4) 
   Generating static pages (3/4) 
 ✓ Generating static pages (4/4)
   Finalizing page optimization ...
   Collecting build traces ...

Route (app)                              Size     First Load JS
┌ ○ /_not-found                          873 B            88 kB
└ ○ /admin                               64.9 kB         152 kB
+ First Load JS shared by all            87.1 kB
  ├ chunks/117-a8fdcc7ea64699eb.js       31.6 kB
  ├ chunks/fd9d1056-4a43c3ba43a0759a.js  53.6 kB
  └ other shared chunks (total)          1.92 kB


○  (Static)  prerendered as static content

